error:  approve(spender,amount)  not found in all_func_dependencies
dict_keys(['hasVault(owner)', 'transferFrom(sender,recipient,amount)', 'constructor(_collateral,_collExp,_underlying,_underlyingExp,_oTokenExchangeExp,_strikePrice,_strikeExp,_strike,_expiry,_optionsExchange,_oracleAddress,_windowSize)', 'transfer(recipient,amount)', '_transferOwnership(newOwner)', 'getVaultOwners()', 'isSafe(collateralAmt,oTokensIssued)', 'updateParameters(_liquidationIncentive,_liquidationFactor,_transactionFee,_minCollateralizationRatio)', '_msgData()', 'setDetails(_name,_symbol)', 'addAndSellETHCollateralOption(amtToCreate,receiver)', 'getPrice(asset)', 'decreaseAllowance(spender,subtractedValue)', 'addETHCollateral(vaultOwner)', 'addAndSellERC20CollateralOption(amtToCreate,amtCollateral,receiver)', 'onlyOwner()', '_exercise(oTokensToExercise,vaultToExerciseFrom)', 'transferFee(_address)', 'transferCollateral(_addr,_amt)', 'addETHCollateralOption(amtToCreate,receiver)', 'hasExpired()', 'increaseAllowance(spender,addedValue)', 'openVault()', 'isExerciseWindow()', '_msgSender()', 'addERC20Collateral(vaultOwner,amt)', '_burnFrom(account,amount)', '_approve(owner,spender,amount)', 'constructor()', 'createERC20CollateralOption(amtToCreate,amtCollateral,receiver)', 'allowance(owner,spender)', '_transfer(sender,recipient,amount)', 'renounceOwnership()', 'getVault(vaultOwner)', 'isUnsafe(vaultOwner)', 'maxOTokensIssuable(collateralAmt)', 'isWithinExponentRange(val)', 'removeUnderlying()', 'getCollateral(vaultOwner)', '_addCollateral(vaultOwner,amt)', '_mint(account,amount)', 'createAndSellERC20CollateralOption(amtToCreate,amtCollateral,receiver)', 'notExpired()', 'burnOTokens(amtToBurn)', 'underlyingRequiredToExercise(oTokensToExercise)', 'approve(spender,amount)', 'isOwner()', 'balanceOf(account)', 'calculateOTokens(collateralAmt,proportion)', '_burn(account,amount)', 'transferOwnership(newOwner)', 'owner()', 'redeemVaultBalance()', 'createAndSellETHCollateralOption(amtToCreate,receiver)', 'addERC20CollateralOption(amtToCreate,amtCollateral,receiver)', 'removeCollateral(amtToRemove)', 'isETH(_ierc20)', 'transferUnderlying(_addr,_amt)', 'calculateCollateralToPay(_oTokens,proportion)', 'exercise(oTokensToExercise,vaultsToExerciseFrom)', 'createETHCollateralOption(amtToCreate,receiver)', 'totalSupply()', 'maxOTokensLiquidatable(vaultOwner)', 'liquidate(vaultOwner,oTokensToLiquidate)', 'getOTokensIssued(vaultOwner)', 'issueOTokens(oTokensToIssue,receiver)'])
Traceback (most recent call last):
  File "/home/angela/InvConPlus/invconplus/abstractType/DataDependency.py", line 527, in createDerivedVarsForFunc
    return set(self.all_func_dependencies[func_name].createDerivedVarInfos())
  File "/home/angela/InvConPlus/invconplus/abstractType/DataDependency.py", line 426, in createDerivedVarInfos
    all_varInfo = set(self.getAllVarParentDeps())
  File "/home/angela/InvConPlus/invconplus/abstractType/DataDependency.py", line 371, in getAllVarParentDeps
    for varDepPair in self.getAllDepdencies():
  File "/home/angela/InvConPlus/invconplus/abstractType/DataDependency.py", line 159, in getAllDepdencies
    self.replaceVarInfo(paramVarInfo, newVarInfo, all_dependencies, lsVarInfos)
  File "/home/angela/InvConPlus/invconplus/abstractType/DataDependency.py", line 110, in replaceVarInfo
    value = recursive_replace(pair[0], varInfo, newVarInfo)
  File "/home/angela/InvConPlus/invconplus/abstractType/DataDependency.py", line 90, in recursive_replace
    value = recursive_replace(curVarInfo.derivation.varInfos[i], varInfo, newVarInfo)
  File "/home/angela/InvConPlus/invconplus/abstractType/DataDependency.py", line 87, in recursive_replace
    elif curVarInfo.derivation.varInfos[i].name == varInfo.name:
AttributeError: 'dict' object has no attribute 'name'
error:  transferFrom(sender,recipient,amount)  not found in all_func_dependencies
dict_keys(['hasVault(owner)', 'transferFrom(sender,recipient,amount)', 'constructor(_collateral,_collExp,_underlying,_underlyingExp,_oTokenExchangeExp,_strikePrice,_strikeExp,_strike,_expiry,_optionsExchange,_oracleAddress,_windowSize)', 'transfer(recipient,amount)', '_transferOwnership(newOwner)', 'getVaultOwners()', 'isSafe(collateralAmt,oTokensIssued)', 'updateParameters(_liquidationIncentive,_liquidationFactor,_transactionFee,_minCollateralizationRatio)', '_msgData()', 'setDetails(_name,_symbol)', 'addAndSellETHCollateralOption(amtToCreate,receiver)', 'getPrice(asset)', 'decreaseAllowance(spender,subtractedValue)', 'addETHCollateral(vaultOwner)', 'addAndSellERC20CollateralOption(amtToCreate,amtCollateral,receiver)', 'onlyOwner()', '_exercise(oTokensToExercise,vaultToExerciseFrom)', 'transferFee(_address)', 'transferCollateral(_addr,_amt)', 'addETHCollateralOption(amtToCreate,receiver)', 'hasExpired()', 'increaseAllowance(spender,addedValue)', 'openVault()', 'isExerciseWindow()', '_msgSender()', 'addERC20Collateral(vaultOwner,amt)', '_burnFrom(account,amount)', '_approve(owner,spender,amount)', 'constructor()', 'createERC20CollateralOption(amtToCreate,amtCollateral,receiver)', 'allowance(owner,spender)', '_transfer(sender,recipient,amount)', 'renounceOwnership()', 'getVault(vaultOwner)', 'isUnsafe(vaultOwner)', 'maxOTokensIssuable(collateralAmt)', 'isWithinExponentRange(val)', 'removeUnderlying()', 'getCollateral(vaultOwner)', '_addCollateral(vaultOwner,amt)', '_mint(account,amount)', 'createAndSellERC20CollateralOption(amtToCreate,amtCollateral,receiver)', 'notExpired()', 'burnOTokens(amtToBurn)', 'underlyingRequiredToExercise(oTokensToExercise)', 'approve(spender,amount)', 'isOwner()', 'balanceOf(account)', 'calculateOTokens(collateralAmt,proportion)', '_burn(account,amount)', 'transferOwnership(newOwner)', 'owner()', 'redeemVaultBalance()', 'createAndSellETHCollateralOption(amtToCreate,receiver)', 'addERC20CollateralOption(amtToCreate,amtCollateral,receiver)', 'removeCollateral(amtToRemove)', 'isETH(_ierc20)', 'transferUnderlying(_addr,_amt)', 'calculateCollateralToPay(_oTokens,proportion)', 'exercise(oTokensToExercise,vaultsToExerciseFrom)', 'createETHCollateralOption(amtToCreate,receiver)', 'totalSupply()', 'maxOTokensLiquidatable(vaultOwner)', 'liquidate(vaultOwner,oTokensToLiquidate)', 'getOTokensIssued(vaultOwner)', 'issueOTokens(oTokensToIssue,receiver)'])
Traceback (most recent call last):
  File "/home/angela/InvConPlus/invconplus/abstractType/DataDependency.py", line 527, in createDerivedVarsForFunc
    return set(self.all_func_dependencies[func_name].createDerivedVarInfos())
  File "/home/angela/InvConPlus/invconplus/abstractType/DataDependency.py", line 426, in createDerivedVarInfos
    all_varInfo = set(self.getAllVarParentDeps())
  File "/home/angela/InvConPlus/invconplus/abstractType/DataDependency.py", line 371, in getAllVarParentDeps
    for varDepPair in self.getAllDepdencies():
  File "/home/angela/InvConPlus/invconplus/abstractType/DataDependency.py", line 159, in getAllDepdencies
    self.replaceVarInfo(paramVarInfo, newVarInfo, all_dependencies, lsVarInfos)
  File "/home/angela/InvConPlus/invconplus/abstractType/DataDependency.py", line 110, in replaceVarInfo
    value = recursive_replace(pair[0], varInfo, newVarInfo)
  File "/home/angela/InvConPlus/invconplus/abstractType/DataDependency.py", line 87, in recursive_replace
    elif curVarInfo.derivation.varInfos[i].name == varInfo.name:
AttributeError: 'dict' object has no attribute 'name'
error:  increaseAllowance(spender,addedValue)  not found in all_func_dependencies
dict_keys(['hasVault(owner)', 'transferFrom(sender,recipient,amount)', 'constructor(_collateral,_collExp,_underlying,_underlyingExp,_oTokenExchangeExp,_strikePrice,_strikeExp,_strike,_expiry,_optionsExchange,_oracleAddress,_windowSize)', 'transfer(recipient,amount)', '_transferOwnership(newOwner)', 'getVaultOwners()', 'isSafe(collateralAmt,oTokensIssued)', 'updateParameters(_liquidationIncentive,_liquidationFactor,_transactionFee,_minCollateralizationRatio)', '_msgData()', 'setDetails(_name,_symbol)', 'addAndSellETHCollateralOption(amtToCreate,receiver)', 'getPrice(asset)', 'decreaseAllowance(spender,subtractedValue)', 'addETHCollateral(vaultOwner)', 'addAndSellERC20CollateralOption(amtToCreate,amtCollateral,receiver)', 'onlyOwner()', '_exercise(oTokensToExercise,vaultToExerciseFrom)', 'transferFee(_address)', 'transferCollateral(_addr,_amt)', 'addETHCollateralOption(amtToCreate,receiver)', 'hasExpired()', 'increaseAllowance(spender,addedValue)', 'openVault()', 'isExerciseWindow()', '_msgSender()', 'addERC20Collateral(vaultOwner,amt)', '_burnFrom(account,amount)', '_approve(owner,spender,amount)', 'constructor()', 'createERC20CollateralOption(amtToCreate,amtCollateral,receiver)', 'allowance(owner,spender)', '_transfer(sender,recipient,amount)', 'renounceOwnership()', 'getVault(vaultOwner)', 'isUnsafe(vaultOwner)', 'maxOTokensIssuable(collateralAmt)', 'isWithinExponentRange(val)', 'removeUnderlying()', 'getCollateral(vaultOwner)', '_addCollateral(vaultOwner,amt)', '_mint(account,amount)', 'createAndSellERC20CollateralOption(amtToCreate,amtCollateral,receiver)', 'notExpired()', 'burnOTokens(amtToBurn)', 'underlyingRequiredToExercise(oTokensToExercise)', 'approve(spender,amount)', 'isOwner()', 'balanceOf(account)', 'calculateOTokens(collateralAmt,proportion)', '_burn(account,amount)', 'transferOwnership(newOwner)', 'owner()', 'redeemVaultBalance()', 'createAndSellETHCollateralOption(amtToCreate,receiver)', 'addERC20CollateralOption(amtToCreate,amtCollateral,receiver)', 'removeCollateral(amtToRemove)', 'isETH(_ierc20)', 'transferUnderlying(_addr,_amt)', 'calculateCollateralToPay(_oTokens,proportion)', 'exercise(oTokensToExercise,vaultsToExerciseFrom)', 'createETHCollateralOption(amtToCreate,receiver)', 'totalSupply()', 'maxOTokensLiquidatable(vaultOwner)', 'liquidate(vaultOwner,oTokensToLiquidate)', 'getOTokensIssued(vaultOwner)', 'issueOTokens(oTokensToIssue,receiver)'])
Traceback (most recent call last):
  File "/home/angela/InvConPlus/invconplus/abstractType/DataDependency.py", line 527, in createDerivedVarsForFunc
    return set(self.all_func_dependencies[func_name].createDerivedVarInfos())
  File "/home/angela/InvConPlus/invconplus/abstractType/DataDependency.py", line 426, in createDerivedVarInfos
    all_varInfo = set(self.getAllVarParentDeps())
  File "/home/angela/InvConPlus/invconplus/abstractType/DataDependency.py", line 371, in getAllVarParentDeps
    for varDepPair in self.getAllDepdencies():
  File "/home/angela/InvConPlus/invconplus/abstractType/DataDependency.py", line 159, in getAllDepdencies
    self.replaceVarInfo(paramVarInfo, newVarInfo, all_dependencies, lsVarInfos)
  File "/home/angela/InvConPlus/invconplus/abstractType/DataDependency.py", line 110, in replaceVarInfo
    value = recursive_replace(pair[0], varInfo, newVarInfo)
  File "/home/angela/InvConPlus/invconplus/abstractType/DataDependency.py", line 90, in recursive_replace
    value = recursive_replace(curVarInfo.derivation.varInfos[i], varInfo, newVarInfo)
  File "/home/angela/InvConPlus/invconplus/abstractType/DataDependency.py", line 87, in recursive_replace
    elif curVarInfo.derivation.varInfos[i].name == varInfo.name:
AttributeError: 'dict' object has no attribute 'name'
error:  decreaseAllowance(spender,subtractedValue)  not found in all_func_dependencies
dict_keys(['hasVault(owner)', 'transferFrom(sender,recipient,amount)', 'constructor(_collateral,_collExp,_underlying,_underlyingExp,_oTokenExchangeExp,_strikePrice,_strikeExp,_strike,_expiry,_optionsExchange,_oracleAddress,_windowSize)', 'transfer(recipient,amount)', '_transferOwnership(newOwner)', 'getVaultOwners()', 'isSafe(collateralAmt,oTokensIssued)', 'updateParameters(_liquidationIncentive,_liquidationFactor,_transactionFee,_minCollateralizationRatio)', '_msgData()', 'setDetails(_name,_symbol)', 'addAndSellETHCollateralOption(amtToCreate,receiver)', 'getPrice(asset)', 'decreaseAllowance(spender,subtractedValue)', 'addETHCollateral(vaultOwner)', 'addAndSellERC20CollateralOption(amtToCreate,amtCollateral,receiver)', 'onlyOwner()', '_exercise(oTokensToExercise,vaultToExerciseFrom)', 'transferFee(_address)', 'transferCollateral(_addr,_amt)', 'addETHCollateralOption(amtToCreate,receiver)', 'hasExpired()', 'increaseAllowance(spender,addedValue)', 'openVault()', 'isExerciseWindow()', '_msgSender()', 'addERC20Collateral(vaultOwner,amt)', '_burnFrom(account,amount)', '_approve(owner,spender,amount)', 'constructor()', 'createERC20CollateralOption(amtToCreate,amtCollateral,receiver)', 'allowance(owner,spender)', '_transfer(sender,recipient,amount)', 'renounceOwnership()', 'getVault(vaultOwner)', 'isUnsafe(vaultOwner)', 'maxOTokensIssuable(collateralAmt)', 'isWithinExponentRange(val)', 'removeUnderlying()', 'getCollateral(vaultOwner)', '_addCollateral(vaultOwner,amt)', '_mint(account,amount)', 'createAndSellERC20CollateralOption(amtToCreate,amtCollateral,receiver)', 'notExpired()', 'burnOTokens(amtToBurn)', 'underlyingRequiredToExercise(oTokensToExercise)', 'approve(spender,amount)', 'isOwner()', 'balanceOf(account)', 'calculateOTokens(collateralAmt,proportion)', '_burn(account,amount)', 'transferOwnership(newOwner)', 'owner()', 'redeemVaultBalance()', 'createAndSellETHCollateralOption(amtToCreate,receiver)', 'addERC20CollateralOption(amtToCreate,amtCollateral,receiver)', 'removeCollateral(amtToRemove)', 'isETH(_ierc20)', 'transferUnderlying(_addr,_amt)', 'calculateCollateralToPay(_oTokens,proportion)', 'exercise(oTokensToExercise,vaultsToExerciseFrom)', 'createETHCollateralOption(amtToCreate,receiver)', 'totalSupply()', 'maxOTokensLiquidatable(vaultOwner)', 'liquidate(vaultOwner,oTokensToLiquidate)', 'getOTokensIssued(vaultOwner)', 'issueOTokens(oTokensToIssue,receiver)'])
Traceback (most recent call last):
  File "/home/angela/InvConPlus/invconplus/abstractType/DataDependency.py", line 527, in createDerivedVarsForFunc
    return set(self.all_func_dependencies[func_name].createDerivedVarInfos())
  File "/home/angela/InvConPlus/invconplus/abstractType/DataDependency.py", line 426, in createDerivedVarInfos
    all_varInfo = set(self.getAllVarParentDeps())
  File "/home/angela/InvConPlus/invconplus/abstractType/DataDependency.py", line 371, in getAllVarParentDeps
    for varDepPair in self.getAllDepdencies():
  File "/home/angela/InvConPlus/invconplus/abstractType/DataDependency.py", line 159, in getAllDepdencies
    self.replaceVarInfo(paramVarInfo, newVarInfo, all_dependencies, lsVarInfos)
  File "/home/angela/InvConPlus/invconplus/abstractType/DataDependency.py", line 110, in replaceVarInfo
    value = recursive_replace(pair[0], varInfo, newVarInfo)
  File "/home/angela/InvConPlus/invconplus/abstractType/DataDependency.py", line 90, in recursive_replace
    value = recursive_replace(curVarInfo.derivation.varInfos[i], varInfo, newVarInfo)
  File "/home/angela/InvConPlus/invconplus/abstractType/DataDependency.py", line 87, in recursive_replace
    elif curVarInfo.derivation.varInfos[i].name == varInfo.name:
AttributeError: 'dict' object has no attribute 'name'
error:  transfer(recipient,amount)  not found in all_func_dependencies
dict_keys(['hasVault(owner)', 'transferFrom(sender,recipient,amount)', 'constructor(_collateral,_collExp,_underlying,_underlyingExp,_oTokenExchangeExp,_strikePrice,_strikeExp,_strike,_expiry,_optionsExchange,_oracleAddress,_windowSize)', 'transfer(recipient,amount)', '_transferOwnership(newOwner)', 'getVaultOwners()', 'isSafe(collateralAmt,oTokensIssued)', 'updateParameters(_liquidationIncentive,_liquidationFactor,_transactionFee,_minCollateralizationRatio)', '_msgData()', 'setDetails(_name,_symbol)', 'addAndSellETHCollateralOption(amtToCreate,receiver)', 'getPrice(asset)', 'decreaseAllowance(spender,subtractedValue)', 'addETHCollateral(vaultOwner)', 'addAndSellERC20CollateralOption(amtToCreate,amtCollateral,receiver)', 'onlyOwner()', '_exercise(oTokensToExercise,vaultToExerciseFrom)', 'transferFee(_address)', 'transferCollateral(_addr,_amt)', 'addETHCollateralOption(amtToCreate,receiver)', 'hasExpired()', 'increaseAllowance(spender,addedValue)', 'openVault()', 'isExerciseWindow()', '_msgSender()', 'addERC20Collateral(vaultOwner,amt)', '_burnFrom(account,amount)', '_approve(owner,spender,amount)', 'constructor()', 'createERC20CollateralOption(amtToCreate,amtCollateral,receiver)', 'allowance(owner,spender)', '_transfer(sender,recipient,amount)', 'renounceOwnership()', 'getVault(vaultOwner)', 'isUnsafe(vaultOwner)', 'maxOTokensIssuable(collateralAmt)', 'isWithinExponentRange(val)', 'removeUnderlying()', 'getCollateral(vaultOwner)', '_addCollateral(vaultOwner,amt)', '_mint(account,amount)', 'createAndSellERC20CollateralOption(amtToCreate,amtCollateral,receiver)', 'notExpired()', 'burnOTokens(amtToBurn)', 'underlyingRequiredToExercise(oTokensToExercise)', 'approve(spender,amount)', 'isOwner()', 'balanceOf(account)', 'calculateOTokens(collateralAmt,proportion)', '_burn(account,amount)', 'transferOwnership(newOwner)', 'owner()', 'redeemVaultBalance()', 'createAndSellETHCollateralOption(amtToCreate,receiver)', 'addERC20CollateralOption(amtToCreate,amtCollateral,receiver)', 'removeCollateral(amtToRemove)', 'isETH(_ierc20)', 'transferUnderlying(_addr,_amt)', 'calculateCollateralToPay(_oTokens,proportion)', 'exercise(oTokensToExercise,vaultsToExerciseFrom)', 'createETHCollateralOption(amtToCreate,receiver)', 'totalSupply()', 'maxOTokensLiquidatable(vaultOwner)', 'liquidate(vaultOwner,oTokensToLiquidate)', 'getOTokensIssued(vaultOwner)', 'issueOTokens(oTokensToIssue,receiver)'])
Traceback (most recent call last):
  File "/home/angela/InvConPlus/invconplus/abstractType/DataDependency.py", line 527, in createDerivedVarsForFunc
    return set(self.all_func_dependencies[func_name].createDerivedVarInfos())
  File "/home/angela/InvConPlus/invconplus/abstractType/DataDependency.py", line 426, in createDerivedVarInfos
    all_varInfo = set(self.getAllVarParentDeps())
  File "/home/angela/InvConPlus/invconplus/abstractType/DataDependency.py", line 371, in getAllVarParentDeps
    for varDepPair in self.getAllDepdencies():
  File "/home/angela/InvConPlus/invconplus/abstractType/DataDependency.py", line 159, in getAllDepdencies
    self.replaceVarInfo(paramVarInfo, newVarInfo, all_dependencies, lsVarInfos)
  File "/home/angela/InvConPlus/invconplus/abstractType/DataDependency.py", line 110, in replaceVarInfo
    value = recursive_replace(pair[0], varInfo, newVarInfo)
  File "/home/angela/InvConPlus/invconplus/abstractType/DataDependency.py", line 87, in recursive_replace
    elif curVarInfo.derivation.varInfos[i].name == varInfo.name:
AttributeError: 'dict' object has no attribute 'name'
